Found 1 test(s).
python : Creating test database 
for alias 'default' ('file:memory
db_default?mode=memory&cache=shar
ed')...
Au caractère Ligne:1 : 1
+ python manage.py test game.test
s.test_services.test_vehicle_serv
ice.V ...
+ ~~~~~~~~~~~~~~~~~~~~~~~~~~~~~~~
~~~~~~~~~~~~~~~~~~~~~~~~~~~~~~~~~
~~~~~
    + CategoryInfo          : No 
   tSpecified: (Creating test d  
  ...che=shared')...:String) [   
 ], RemoteException
    + FullyQualifiedErrorId : Na 
   tiveCommandError
 

Operations to perform:
  Synchronize unmigrated apps: corsheaders, messages, rest_framework, staticfiles
  Apply all migrations: admin, auth, authtoken, contenttypes, game, sessions
Synchronizing apps without migrations:
  Creating tables...
    Running deferred SQL...
Running migrations:
  Applying contenttypes.0001_initial... OK
  Applying auth.0001_initial... OK
  Applying admin.0001_initial... OK
  Applying admin.0002_logentry_remove_auto_add... OK
  Applying admin.0003_logentry_add_action_flag_choices... OK
  Applying contenttypes.0002_remove_content_type_name... OK
  Applying auth.0002_alter_permission_name_max_length... OK
  Applying auth.0003_alter_user_email_max_length... OK
  Applying auth.0004_alter_user_username_opts... OK
  Applying auth.0005_alter_user_last_login_null... OK
  Applying auth.0006_require_contenttypes_0002... OK
  Applying auth.0007_alter_validators_add_error_messages... OK
  Applying auth.0008_alter_user_username_max_length... OK
  Applying auth.0009_alter_user_last_name_max_length... OK
  Applying auth.0010_alter_group_name_max_length... OK
  Applying auth.0011_update_proxy_permissions... OK
  Applying auth.0012_alter_user_first_name_max_length... OK
  Applying authtoken.0001_initial... OK
  Applying authtoken.0002_auto_20160226_1747... OK
  Applying authtoken.0003_tokenproxy... OK
  Applying authtoken.0004_alter_tokenproxy_options... OK
  Applying game.0001_initial... OK
  Applying game.0002_material_energy_restore_material_is_food... OK
  Applying game.0003_mapcell_location_description_mapcell_osm_features_and_more... OK
  Applying game.0004_workstation_recipe_required_workstation_and_more... OK
  Applying game.0005_skill_talentnode_playertalent_playerskill... OK
  Applying game.0006_inventory_durability_current_and_more... OK
  Applying game.0007_alter_recipeingredient_unique_together... OK
  Applying game.0008_gameconfig... OK
  Applying game.0009_add_initial_game_configs... OK
  Applying game.0010_add_initial_skills... OK
  Applying game.0011_material_attack_material_defense_and_more... OK
  Applying game.0012_material_category... OK
  Applying game.0013_player_agility_player_health_player_intelligence_and_more... OK
  Applying game.0014_mob... OK
  Applying game.0015_achievement_playerachievement... OK
  Applying game.0016_alter_playerachievement_player... OK
  Applying game.0017_player_total_moves... OK
  Applying game.0018_buildingtype_building_buildingrecipe... OK
  Applying game.0019_player_last_energy_update_and_more... OK
  Applying game.0020_house_model... OK
  Applying game.0021_mob_aggression_level_mob_spawn_rate_alter_house_id_and_more... OK
  Applying game.0022_material_hunger_restore_material_max_durability_and_more... OK
  Applying game.0023_droppeditem... OK
  Applying game.0024_vehicle_playervehicle_player_current_vehicle... OK
  Applying game.0025_material_health_restore... OK
  Applying game.0026_alter_material_icon... OK
  Applying game.0027_clothing_weapon... OK
  Applying game.0028_add_database_indexes... OK
  Applying game.0029_add_gameconfig_last_modified... OK
  Applying game.0030_player_money... OK
  Applying game.0031_shop_transaction_shopitem... OK
  Applying game.0032_player_credit_card_balance_alter_player_money_and_more... OK
  Applying game.0033_alter_equippeditem_slot... OK
  Applying game.0034_quest_dynamicevent_playerquest... OK
  Applying game.0035_tradeoffer_leaderboard... OK
  Applying game.0036_add_quest_chain_fields... OK
  Applying game.0037_add_daily_quest_field... OK
  Applying game.0038_add_realistic_survival_system... OK
  Applying game.0039_add_advanced_nutrition_system... OK
  Applying game.0040_bodypart_disease_playerhealthstatus_medicalitem_and_more... OK
  Applying game.0041_fuelstation_garage_vehicletype_and_more... OK
  Applying game.0042_player_bladder_fullness_player_body_fat_and_more... OK
  Applying game.0043_randomenemy_encounter... OK
  Applying sessions.0001_initial... OK
System check identified no issues (0 silenced).
test_refuel_vehicle (game.tests.t
est_services.test_vehicle_service
.VehicleServiceTests.test_refuel_
vehicle) ... FAIL

=================================
=================================
====
FAIL: test_refuel_vehicle (game.t
ests.test_services.test_vehicle_s
ervice.VehicleServiceTests.test_r
efuel_vehicle)
---------------------------------
---------------------------------
----
Traceback (most recent call 
last):
  File "C:\p3\crafting_game\game\
tests\test_services\test_vehicle_
service.py", line 74, in 
test_refuel_vehicle
    self.assertIn('money', 
result['error'])
AssertionError: 'money' not 
found in 'Fuel tank is full'

---------------------------------
---------------------------------
----
Ran 1 test in 0.220s

FAILED (failures=1)
Destroying test database for 
alias 'default' ('file:memorydb_d
efault?mode=memory&cache=shared')
...

